python : C:\Users\shrey
\AppData\Roaming\Python
\Python314\site-package
s\requests\__init__.py:
113: RequestsDependency
Warning: urllib3 
(2.6.3) or chardet (7.0
.0)/charset_normalizer 
(3.4.4) doesn't match 
a supported version!
At line:1 char:1
+ python manage.py 
test 
apps.accounts.tests -v 
2 > test_output.txt 
2>&1
+ ~~~~~~~~~~~~~~~~~~~~~
~~~~~~~~~~~~~~~~~~~~~~~
~~~~~~~~~~~~~~~~~~~~~~~
~~
    + CategoryInfo     
         : NotSpecifi  
  ed: (C:\Users\shre   
 y\...ported versio    
n!:String) [], Rem    
oteException
    + FullyQualifiedEr 
   rorId : NativeComm  
  andError
 
  warnings.warn(
System check 
identified some issues:

WARNINGS:
<django.template.backen
ds.django.DjangoTemplat
es object at 
0x0000022BC8221D30>: 
(templates.W003) 
'custom_filters' is 
used for multiple 
template tag modules: '
apps.accounts.templatet
ags.custom_filters', 'a
pps.tracks.templatetags
.custom_filters'

System check 
identified 1 issue (0 
silenced).
tests (unittest.loader.
_FailedTest.tests) ... 
ERROR

=======================
=======================
=======================
=
ERROR: tests (unittest.
loader._FailedTest.test
s)
-----------------------
-----------------------
-----------------------
-
ImportError: Failed to 
import test module: 
tests
Traceback (most recent 
call last):
  File "C:\Python314\Li
b\unittest\loader.py", 
line 137, in 
loadTestsFromName
    module = 
__import__(module_name)
ModuleNotFoundError: 
No module named 
'apps.accounts.tests'


-----------------------
-----------------------
-----------------------
-
Ran 1 test in 0.001s

FAILED (errors=1)
Found 1 test(s).
Skipping setup of unused database(s): default.
